// Jest Snapshot v1, https://goo.gl/fbAQLP

exports[`matches snapshot 1`] = `
<div
  className="sc-bczRLJ dceNsr"
  data-testid="movieComponent-1"
>
  <img
    alt=""
    className="sc-gsnTZi copwBR"
  />
  <span
    className="sc-dkzDqf gPDoDE"
  />
  <div
    className="sc-hKMtZM fddidQ"
  >
    <span
      className="sc-eCYdqJ hqgjJW"
    >
      FilmWorld:
      <span
        style={null}
      />
    </span>
    <span
      className="sc-eCYdqJ hqgjJW"
    >
      CinemaWorld:
      <span
        style={null}
      />
    </span>
  </div>
</div>
`;
